---
# Source: camunda-platform/charts/identity/charts/keycloak/templates/statefulset.yaml
apiVersion: apps/v1
kind: StatefulSet
metadata:
  name: camunda-platform-tes
  namespace: camunda
  labels:
    app.kubernetes.io/name: keycloak
    app.kubernetes.io/instance: camunda-platform-test
    app.kubernetes.io/managed-by: Helm
    app.kubernetes.io/version: "16.1.1"
    app.kubernetes.io/component: keycloak
spec:
  replicas: 1
  podManagementPolicy: Parallel
  serviceName: camunda-platform-tes-headless
  updateStrategy:
    rollingUpdate: {}
    type: RollingUpdate
  selector:
    matchLabels: 
      app.kubernetes.io/name: keycloak
      app.kubernetes.io/instance: camunda-platform-test
      app.kubernetes.io/component: keycloak
  template:
    metadata:
      annotations:
      labels:
        app.kubernetes.io/name: keycloak
        app.kubernetes.io/instance: camunda-platform-test
        app.kubernetes.io/managed-by: Helm
        app.kubernetes.io/version: "16.1.1"
        app.kubernetes.io/component: keycloak
    spec:
      serviceAccountName: camunda-platform-tes
      
      affinity:
        podAffinity:
          
        podAntiAffinity:
          preferredDuringSchedulingIgnoredDuringExecution:
            - podAffinityTerm:
                labelSelector:
                  matchLabels:
                    app.kubernetes.io/instance: camunda-platform-test
                    app.kubernetes.io/name: keycloak
                topologyKey: kubernetes.io/hostname
              weight: 1
        nodeAffinity:
          
      securityContext:
        fsGroup: 1001
      initContainers:
        - command:
          - sh
          - -c
          - cp -a /app/keycloak-theme/* /mnt
          image: 'camunda/identity:8.1.27'
          imagePullPolicy: 'IfNotPresent'
          name: copy-camunda-theme
          volumeMounts:
          - mountPath: /mnt
            name: camunda-theme
      containers:
        - name: keycloak
          image: docker.io/bitnami/keycloak:16.1.1
          imagePullPolicy: IfNotPresent
          securityContext:
            runAsNonRoot: true
            runAsUser: 1001
          env:
            - name: KUBERNETES_NAMESPACE
              valueFrom:
                fieldRef:
                  apiVersion: v1
                  fieldPath: metadata.namespace
            - name: BITNAMI_DEBUG
              value: "false"
            - name: KEYCLOAK_ADMIN_PASSWORD
              valueFrom:
                secretKeyRef:
                  name: camunda-platform-test-keycloak
                  key: admin-password
            - name: KEYCLOAK_MANAGEMENT_PASSWORD
              valueFrom:
                secretKeyRef:
                  name: camunda-platform-test-keycloak
                  key: management-password
            - name: KEYCLOAK_DATABASE_PASSWORD
              valueFrom:
                secretKeyRef:
                  name: camunda-platform-test-postgresql
                  key: password
            - name: KEYCLOAK_PROXY_ADDRESS_FORWARDING
              value: 'false'
          envFrom:
            - configMapRef:
                name: camunda-platform-tes-env-vars
          resources:
            limits: {}
            requests: {}
          ports:
            - name: http
              containerPort: 8080
              protocol: TCP
            - name: https
              containerPort: 8443
              protocol: TCP
            - name: http-management
              containerPort: 9990
              protocol: TCP
          livenessProbe:
            failureThreshold: 3
            initialDelaySeconds: 300
            periodSeconds: 1
            successThreshold: 1
            timeoutSeconds: 5
            httpGet:
              path: /auth/
              port: http
          readinessProbe:
            failureThreshold: 3
            initialDelaySeconds: 30
            periodSeconds: 10
            successThreshold: 1
            timeoutSeconds: 1
            httpGet:
              path: /auth/realms/master
              port: http
          volumeMounts:
            - mountPath: /opt/bitnami/keycloak/themes/identity
              name: camunda-theme
      volumes:
        - emptyDir:
            sizeLimit: 10Mi
          name: camunda-theme