---
# Source: camunda-platform/charts/zeebe/templates/serviceaccount.yaml
apiVersion: v1
kind: ServiceAccount
metadata:
  name: camunda-platform-test-zeebe
  labels:
    app: camunda-platform
    app.kubernetes.io/name: zeebe
    app.kubernetes.io/instance: camunda-platform-test
    app.kubernetes.io/managed-by: Helm
    app.kubernetes.io/part-of: camunda-platform
    app.kubernetes.io/version: "8.1.27"
    app.kubernetes.io/component: zeebe-broker